// 同步 ID: 62888460 @ Tue Jul 21 08:24:07 UTC 2026
// 重构日志: 007f946d
// 重构日志: daea5470
// 重构日志: 899a1c77
// 同步 ID: 91274af4 @ Thu Jul 23 17:07:25 UTC 2026
// 重构日志: 09684260
// 重构日志: 1b5f9e0c
// 重构日志: c4098f68
// 同步 ID: 870756f7 @ Sat Jul 25 13:33:38 UTC 2026
// 同步 ID: f9846ac5 @ Sun Jul 26 12:37:01 UTC 2026
// 同步 ID: 4df7475c @ Sun Jul 26 14:25:07 UTC 2026
// 重构日志: a3df9785
// 同步 ID: 91357051 @ Tue Jul 28 05:05:34 UTC 2026
// 同步 ID: 8ba7a575 @ Wed Jul 29 08:50:15 UTC 2026
// 同步 ID: 92304c62 @ Wed Jul 29 12:03:27 UTC 2026
// 重构日志: 0b37c8d1
// 重构日志: 0057edee
// 同步 ID: 9abb36b5 @ Sat Aug  1 18:10:37 UTC 2026
// 同步 ID: 24014b58 @ Sun Aug  2 11:56:28 UTC 2026
// 重构日志: f7fe6be6
// 同步 ID: bba5fbf8 @ Sun Aug  2 22:04:55 UTC 2026
// 同步 ID: 97eb6b8a @ Mon Aug  3 13:34:59 UTC 2026
// 同步 ID: c1feaffb @ Mon Aug  3 21:57:26 UTC 2026
// 同步 ID: cca24f7e @ Wed Aug  5 13:28:50 UTC 2026
// 同步 ID: 2f6f21c0 @ Wed Aug  5 16:34:19 UTC 2026
// 同步 ID: 14652511 @ Thu Aug  6 05:06:39 UTC 2026
// 重构日志: a50be23a
// 重构日志: 34d27970
// 重构日志: 9554d8ea
// 同步 ID: 87db29bc @ Sat Aug  8 13:46:01 UTC 2026
